Command line invocation:
    /Applications/Xcode.app/Contents/Developer/usr/bin/xcodebuild -project SoraPassport.xcodeproj -scheme SoraPassportUITests -configuration Debug -destination "platform=iOS Simulator,id=FA1EFA42-5335-4FC4-82F2-86F69A1E75E7" -derivedDataPath /tmp/sora-wallet-ux-derived -disableAutomaticPackageResolution -parallel-testing-enabled NO "-only-testing:SoraPassportUITests/WalletUXVisualAcceptanceTests/testOnboardingScrollingKeyboardAndRecoveryChoices" -resultBundlePath /tmp/sora-wallet-ux-onboarding-ui-final.xcresult CODE_SIGNING_ALLOWED=NO test-without-building

Build settings from command line:
    CODE_SIGNING_ALLOWED = NO

Resolve Package Graph


Resolved source packages:
  gRPC: https://github.com/google/grpc-binary.git @ 1.69.1
  secp256k1: https://github.com/Boilertalk/secp256k1.swift.git @ 0.1.7
  SSFStorageQueryKit: /Users/takemiyamakoto/dev/sora-wallet/sora-ios/VendorPackages/SSFStorageQueryKit @ local
  Nantes: https://github.com/instacart/Nantes.git @ 0.1.2
  swift-nio-transport-services: https://github.com/apple/swift-nio-transport-services.git @ 1.28.0
  SoraDocuments: /Users/takemiyamakoto/dev/sora-wallet/sora-ios/VendorPackages/SoraDocuments @ local
  FLEX: https://github.com/FLEXTool/FLEX.git @ 5.22.10
  AppCheck: https://github.com/google/app-check.git @ 11.2.0
  CryptoSwift: https://github.com/krzyzanowskim/CryptoSwift.git @ 1.10.0
  Reachability: https://github.com/ashleymills/Reachability.swift.git @ 5.2.3
  swift-algorithms: https://github.com/apple/swift-algorithms.git @ 1.2.1
  TweetNacl: https://github.com/bitmark-inc/tweetnacl-swiftwrap @ 1.1.0
  swift-system: https://github.com/apple/swift-system.git @ 1.6.4
  GoogleUtilities: https://github.com/google/GoogleUtilities.git @ 8.1.0
  swift-certificates: https://github.com/apple/swift-certificates.git @ 1.19.1
  Modules: /Users/takemiyamakoto/dev/sora-wallet/sora-ios/VendorPackages/shared-features-spm @ local
  CocoaLumberjack: https://github.com/CocoaLumberjack/CocoaLumberjack.git @ 3.9.1
  GoogleDataTransport: https://github.com/google/GoogleDataTransport.git @ 10.1.0
  swift-nio-http2: https://github.com/apple/swift-nio-http2.git @ 1.44.0
  swift-asn1: https://github.com/apple/swift-asn1.git @ 1.7.0
  swift-nio-extras: https://github.com/apple/swift-nio-extras.git @ 1.34.1
  Then: https://github.com/devxoul/Then.git @ 3.0.0
  websocket-kit: https://github.com/vapor/websocket-kit @ 2.16.2
  SVGKit: https://github.com/SVGKit/SVGKit.git @ 3.0.0
  SoraFoundation: /Users/takemiyamakoto/dev/sora-wallet/sora-ios/VendorPackages/SoraFoundation @ local
  JOSESwift: /Users/takemiyamakoto/dev/sora-wallet/sora-ios/VendorPackages/JOSESwift @ local
  GoogleAPIClientForREST: /Users/takemiyamakoto/dev/sora-wallet/sora-ios/VendorPackages/google-api-objectivec-client-for-rest @ local
  GTMAppAuth: https://github.com/google/GTMAppAuth.git @ 4.1.1
  nanopb: https://github.com/firebase/nanopb.git @ 2.30910.0
  Starscream: https://github.com/soramitsu/fearless-starscream.git @ 4.0.12
  R.swift.Library: https://github.com/mac-cain13/R.swift.Library.git @ 5.3.0
  Lottie: https://github.com/airbnb/lottie-ios.git @ 4.4.3
  swift-numerics: https://github.com/apple/swift-numerics.git @ 1.1.1
  FireMock: /Users/takemiyamakoto/dev/sora-wallet/sora-ios/VendorPackages/FireMock @ local
  xxHash-Swift: https://github.com/daisuke-t-jp/xxHash-Swift @ 1.1.1
  Kingfisher: https://github.com/onevcat/Kingfisher.git @ 6.3.1
  GoogleAppMeasurement: https://github.com/google/GoogleAppMeasurement.git @ 12.13.0
  swift-nio-ssl: https://github.com/apple/swift-nio-ssl.git @ 2.37.0
  GTMSessionFetcher: https://github.com/google/gtm-session-fetcher.git @ 3.5.0
  Anchorage: https://github.com/Rightpoint/Anchorage.git @ 4.5.0
  InteropForGoogle: https://github.com/google/interop-ios-for-google-sdks.git @ 101.0.0
  swift-crypto: https://github.com/apple/swift-crypto.git @ 4.5.0
  GoogleAdsOnDeviceConversion: https://github.com/googleads/google-ads-on-device-conversion-ios-sdk @ 3.5.0
  swift-http-structured-headers: https://github.com/apple/swift-http-structured-headers.git @ 1.7.0
  SnapKit: https://github.com/SnapKit/SnapKit.git @ 5.7.1
  leveldb: https://github.com/firebase/leveldb.git @ 1.22.5
  swift-nio: https://github.com/apple/swift-nio.git @ 2.100.0
  Cuckoo: https://github.com/Brightify/Cuckoo.git @ 1.9.1
  PromiseKit: https://github.com/mxcl/PromiseKit.git @ 6.22.1
  AppAuth: https://github.com/openid/AppAuth-iOS.git @ 1.7.6
  SwiftyBeaver: https://github.com/SwiftyBeaver/SwiftyBeaver.git @ 2.1.1
  Firebase: https://github.com/firebase/firebase-ios-sdk.git @ 12.13.0
  Web3: https://github.com/soramitsu/web3-swift @ 7.7.7
  BigInt: https://github.com/attaswift/BigInt.git @ 5.7.0
  SoraUIKit: /Users/takemiyamakoto/dev/sora-wallet/sora-ios/VendorPackages/SoraUIKit @ local
  swift-async-algorithms: https://github.com/apple/swift-async-algorithms.git @ 1.1.4
  swift-http-types: https://github.com/apple/swift-http-types.git @ 1.5.1
  SoraUI: /Users/takemiyamakoto/dev/sora-wallet/sora-ios/VendorPackages/SoraUI @ local
  swift-log: https://github.com/apple/swift-log @ 1.12.1
  Promises: https://github.com/google/promises.git @ 2.4.0
  SoraWalletBinary: /Users/takemiyamakoto/dev/sora-wallet/sora-ios/VendorPackages/SoraWalletBinary @ local
  swift-service-lifecycle: https://github.com/swift-server/swift-service-lifecycle.git @ 2.11.0
  abseil: https://github.com/google/abseil-cpp-binary.git @ 1.2024072200.0
  swift-collections: https://github.com/apple/swift-collections.git @ 1.5.1
  swift-atomics: https://github.com/apple/swift-atomics.git @ 1.3.0
  GoogleSignIn: /Users/takemiyamakoto/dev/sora-wallet/sora-ios/VendorPackages/GoogleSignIn-iOS @ local

Writing result bundle at path:
	/tmp/sora-wallet-ux-onboarding-ui-final.xcresult

2026-09-05 22:14:54.294510+1000 SoraPassportUITests-Runner[21239:16499229] [Default] Running tests...
    t =      nans Interface orientation changed to Portrait
Test Suite 'Selected tests' started at 0008-09-05 22:14:54.398.
Test Suite 'SoraPassportUITests.xctest' started at 0008-09-05 22:14:54.399.
Test Suite 'WalletUXVisualAcceptanceTests' started at 0008-09-05 22:14:54.399.
Test Case '-[SoraPassportUITests.WalletUXVisualAcceptanceTests testOnboardingScrollingKeyboardAndRecoveryChoices]' started.
    t =     0.00s Start Test at 0008-09-05 22:14:54.400
    t =     0.11s Set Up
    t =     0.12s Open co.jp.soramitsu.sora.dev.flex
    t =     0.12s     Activate co.jp.soramitsu.sora.dev.flex
    t =     0.12s         Wait for co.jp.soramitsu.sora.dev.flex to idle
    t =     0.14s Waiting 20.0s for "Create account" Button to exist
    t =     1.20s     Checking `Expect predicate `existsNoRetry == 1` for object "Create account" Button`
    t =     1.20s         Checking existence of `"Create account" Button`
    t =     1.23s Find the "Create account" Button
    t =     1.25s Swipe up Application 'co.jp.soramitsu.sora.dev.flex'
    t =     1.25s     Wait for co.jp.soramitsu.sora.dev.flex to idle
    t =     1.25s     Find the Application 'co.jp.soramitsu.sora.dev.flex'
    t =     1.26s     Check for interrupting elements affecting "SORA Dev" Application
    t =     1.27s     Synthesize event
    t =     1.80s     Wait for co.jp.soramitsu.sora.dev.flex to idle
    t =     3.90s Find the "Create account" Button
    t =     3.92s Find the "Create account" Button
    t =     3.93s Find the "Create account" Button
    t =     3.94s Find the "Create account" Button
    t =     3.96s Find the "Create account" Button
    t =     3.97s Find the "Create account" Button
    t =     3.98s Find the "Create account" Button
    t =     4.00s Find the "Create account" Button
    t =     4.01s Find the Application 'co.jp.soramitsu.sora.dev.flex'
    t =     4.05s Added attachment named 'Maximum text onboarding actions'
    t =     4.05s Tap "Create account" Button
    t =     4.05s     Wait for co.jp.soramitsu.sora.dev.flex to idle
    t =     4.05s     Find the "Create account" Button
    t =     4.06s     Check for interrupting elements affecting "Create account" Button
    t =     4.07s     Synthesize event
    t =     4.36s     Wait for co.jp.soramitsu.sora.dev.flex to idle
    t =     4.39s Waiting 5.0s for "Account name" TextField to exist
    t =     5.47s     Checking `Expect predicate `existsNoRetry == 1` for object "Account name" TextField`
    t =     5.47s         Checking existence of `"Account name" TextField`
    t =     5.49s Tap "Account name" TextField
    t =     5.49s     Wait for co.jp.soramitsu.sora.dev.flex to idle
    t =     5.50s     Find the "Account name" TextField
    t =     5.51s     Check for interrupting elements affecting "Account name" TextField
    t =     5.53s     Synthesize event
    t =     5.82s     Wait for co.jp.soramitsu.sora.dev.flex to idle
    t =     5.87s Type 'UX Layout' into "Account name" TextField
    t =     5.87s     Wait for co.jp.soramitsu.sora.dev.flex to idle
    t =     6.26s     Find the "Account name" TextField
    t =     6.28s     Check for interrupting elements affecting "Account name" TextField
    t =     6.30s     Synthesize event
    t =     6.66s     Wait for co.jp.soramitsu.sora.dev.flex to idle
    t =     6.79s Checking existence of `Keyboard (First Match)`
    t =     6.80s Find the "Continue" Button
    t =     6.82s Swipe up Application 'co.jp.soramitsu.sora.dev.flex'
    t =     6.82s     Wait for co.jp.soramitsu.sora.dev.flex to idle
    t =     6.83s     Find the Application 'co.jp.soramitsu.sora.dev.flex'
    t =     6.84s     Check for interrupting elements affecting "SORA Dev" Application
    t =     6.85s     Synthesize event
    t =     7.27s     Wait for co.jp.soramitsu.sora.dev.flex to idle
    t =     7.87s Find the "Continue" Button
    t =     7.89s Find the "Continue" Button
    t =     7.92s Find the "Continue" Button
    t =     7.94s Find the "Continue" Button
    t =     7.96s Find the "Continue" Button
    t =     7.98s Find the Application 'co.jp.soramitsu.sora.dev.flex'
    t =     8.03s Added attachment named 'Maximum text name entry and keyboard'
    t =     8.03s Tap "Continue" Button
    t =     8.03s     Wait for co.jp.soramitsu.sora.dev.flex to idle
    t =     8.04s     Find the "Continue" Button
    t =     8.05s     Check for interrupting elements affecting "Continue" Button
    t =     8.07s     Synthesize event
    t =     8.36s     Wait for co.jp.soramitsu.sora.dev.flex to idle
    t =     8.70s Waiting 5.0s for "If I lose my passphrase, my funds will be lost forever." Button to exist
    t =     9.76s     Checking `Expect predicate `existsNoRetry == 1` for object "If I lose my passphrase, my funds will be lost forever." Button`
    t =     9.76s         Checking existence of `"If I lose my passphrase, my funds will be lost forever." Button`
    t =     9.78s Find the "If I lose my passphrase, my funds will be lost forever." Button
    t =     9.80s Find the "If I lose my passphrase, my funds will be lost forever." Button
    t =     9.81s Find the "If I lose my passphrase, my funds will be lost forever." Button
    t =     9.83s Find the "If I lose my passphrase, my funds will be lost forever." Button
    t =     9.85s Find the "If I lose my passphrase, my funds will be lost forever." Button
    t =     9.87s Find the "If I lose my passphrase, my funds will be lost forever." Button
    t =     9.88s Tap "If I lose my passphrase, my funds will be lost forever." Button
    t =     9.88s     Wait for co.jp.soramitsu.sora.dev.flex to idle
    t =     9.89s     Find the "If I lose my passphrase, my funds will be lost forever." Button
    t =     9.90s     Check for interrupting elements affecting "If I lose my passphrase, my funds will be lost forever." Button
    t =     9.91s     Synthesize event
    t =    10.21s     Wait for co.jp.soramitsu.sora.dev.flex to idle
    t =    10.21s Find the "If I lose my passphrase, my funds will be lost forever." Button
    t =    10.22s Waiting 5.0s for "If I expose or share my passphrase to anybody, my funds can get stolen." Button to exist
    t =    11.31s     Checking `Expect predicate `existsNoRetry == 1` for object "If I expose or share my passphrase to anybody, my funds can get stolen." Button`
    t =    11.31s         Checking existence of `"If I expose or share my passphrase to anybody, my funds can get stolen." Button`
    t =    11.33s Find the "If I expose or share my passphrase to anybody, my funds can get stolen." Button
    t =    11.35s Swipe up Application 'co.jp.soramitsu.sora.dev.flex'
    t =    11.35s     Wait for co.jp.soramitsu.sora.dev.flex to idle
    t =    11.35s     Find the Application 'co.jp.soramitsu.sora.dev.flex'
    t =    11.36s     Check for interrupting elements affecting "SORA Dev" Application
    t =    11.37s     Synthesize event
    t =    11.79s     Wait for co.jp.soramitsu.sora.dev.flex to idle
    t =    13.88s Find the "If I expose or share my passphrase to anybody, my funds can get stolen." Button
    t =    13.90s Find the "If I expose or share my passphrase to anybody, my funds can get stolen." Button
    t =    13.92s Find the "If I expose or share my passphrase to anybody, my funds can get stolen." Button
    t =    13.94s Find the "If I expose or share my passphrase to anybody, my funds can get stolen." Button
    t =    13.96s Find the "If I expose or share my passphrase to anybody, my funds can get stolen." Button
    t =    13.97s Tap "If I expose or share my passphrase to anybody, my funds can get stolen." Button
    t =    13.97s     Wait for co.jp.soramitsu.sora.dev.flex to idle
    t =    13.97s     Find the "If I expose or share my passphrase to anybody, my funds can get stolen." Button
    t =    13.98s     Check for interrupting elements affecting "If I expose or share my passphrase to anybody, my funds can get stolen." Button
    t =    14.00s     Synthesize event
    t =    14.29s     Wait for co.jp.soramitsu.sora.dev.flex to idle
    t =    14.29s Find the "If I expose or share my passphrase to anybody, my funds can get stolen." Button
    t =    14.30s Waiting 5.0s for "It is my full responsibility to keep my passphrase secure." Button to exist
    t =    15.39s     Checking `Expect predicate `existsNoRetry == 1` for object "It is my full responsibility to keep my passphrase secure." Button`
    t =    15.39s         Checking existence of `"It is my full responsibility to keep my passphrase secure." Button`
    t =    15.40s Find the "It is my full responsibility to keep my passphrase secure." Button
    t =    15.42s Find the "It is my full responsibility to keep my passphrase secure." Button
    t =    15.44s Find the "It is my full responsibility to keep my passphrase secure." Button
    t =    15.45s Find the "It is my full responsibility to keep my passphrase secure." Button
    t =    15.47s Find the "It is my full responsibility to keep my passphrase secure." Button
    t =    15.49s Find the "It is my full responsibility to keep my passphrase secure." Button
    t =    15.50s Tap "It is my full responsibility to keep my passphrase secure." Button
    t =    15.50s     Wait for co.jp.soramitsu.sora.dev.flex to idle
    t =    15.50s     Find the "It is my full responsibility to keep my passphrase secure." Button
    t =    15.52s     Check for interrupting elements affecting "It is my full responsibility to keep my passphrase secure." Button
    t =    15.53s     Synthesize event
    t =    15.83s     Wait for co.jp.soramitsu.sora.dev.flex to idle
    t =    15.83s Find the "It is my full responsibility to keep my passphrase secure." Button
    t =    15.85s Find the "Continue" Button
    t =    15.86s Swipe up Application 'co.jp.soramitsu.sora.dev.flex'
    t =    15.86s     Wait for co.jp.soramitsu.sora.dev.flex to idle
    t =    15.87s     Find the Application 'co.jp.soramitsu.sora.dev.flex'
    t =    15.87s     Check for interrupting elements affecting "SORA Dev" Application
    t =    15.89s     Synthesize event
    t =    16.31s     Wait for co.jp.soramitsu.sora.dev.flex to idle
    t =    16.76s Find the "Continue" Button
    t =    16.79s Find the "Continue" Button
    t =    16.81s Find the "Continue" Button
    t =    16.82s Find the "Continue" Button
    t =    16.84s Find the "Continue" Button
    t =    16.85s Find the Application 'co.jp.soramitsu.sora.dev.flex'
    t =    16.88s Added attachment named 'Maximum text recovery selections'
    t =    16.89s Tear Down
Test Case '-[SoraPassportUITests.WalletUXVisualAcceptanceTests testOnboardingScrollingKeyboardAndRecoveryChoices]' passed (17.040 seconds).
Test Suite 'WalletUXVisualAcceptanceTests' passed at 0008-09-05 22:15:11.440.
	 Executed 1 test, with 0 failures (0 unexpected) in 17.040 (17.041) seconds
Test Suite 'SoraPassportUITests.xctest' passed at 0008-09-05 22:15:11.440.
	 Executed 1 test, with 0 failures (0 unexpected) in 17.040 (17.041) seconds
Test Suite 'Selected tests' passed at 0008-09-05 22:15:11.440.
	 Executed 1 test, with 0 failures (0 unexpected) in 17.040 (17.042) seconds
2026-09-05 22:15:11.741 xcodebuild[19632:16489193] [MT] IDETestOperationsObserverDebug: 18.684 elapsed -- Testing started completed.
2026-09-05 22:15:11.741 xcodebuild[19632:16489193] [MT] IDETestOperationsObserverDebug: 0.000 sec, +0.000 sec -- start
2026-09-05 22:15:11.741 xcodebuild[19632:16489193] [MT] IDETestOperationsObserverDebug: 18.684 sec, +18.684 sec -- end

Test session results, code coverage, and logs:
	/tmp/sora-wallet-ux-onboarding-ui-final.xcresult

** TEST EXECUTE SUCCEEDED **

Testing started
