Command line invocation:
    /Applications/Xcode.app/Contents/Developer/usr/bin/xcodebuild -project SoraPassport.xcodeproj -scheme SoraPassportUITests -configuration Debug -destination "platform=iOS Simulator,id=FA1EFA42-5335-4FC4-82F2-86F69A1E75E7" -derivedDataPath /tmp/sora-wallet-ux-derived -disableAutomaticPackageResolution -parallel-testing-enabled NO "-only-testing:SoraPassportUITests/WalletUXVisualAcceptanceTests/testOnboardingScrollingKeyboardAndRecoveryChoices" -resultBundlePath /tmp/sora-wallet-ux-onboarding-scaled-ui-final.xcresult CODE_SIGNING_ALLOWED=NO test-without-building

Build settings from command line:
    CODE_SIGNING_ALLOWED = NO

Resolve Package Graph


Resolved source packages:
  Firebase: https://github.com/firebase/firebase-ios-sdk.git @ 12.13.0
  Promises: https://github.com/google/promises.git @ 2.4.0
  nanopb: https://github.com/firebase/nanopb.git @ 2.30910.0
  swift-atomics: https://github.com/apple/swift-atomics.git @ 1.3.0
  CocoaLumberjack: https://github.com/CocoaLumberjack/CocoaLumberjack.git @ 3.9.1
  swift-nio: https://github.com/apple/swift-nio.git @ 2.100.0
  swift-nio-ssl: https://github.com/apple/swift-nio-ssl.git @ 2.37.0
  Then: https://github.com/devxoul/Then.git @ 3.0.0
  Anchorage: https://github.com/Rightpoint/Anchorage.git @ 4.5.0
  BigInt: https://github.com/attaswift/BigInt.git @ 5.7.0
  secp256k1: https://github.com/Boilertalk/secp256k1.swift.git @ 0.1.7
  swift-log: https://github.com/apple/swift-log @ 1.12.1
  websocket-kit: https://github.com/vapor/websocket-kit @ 2.16.2
  swift-http-types: https://github.com/apple/swift-http-types.git @ 1.5.1
  xxHash-Swift: https://github.com/daisuke-t-jp/xxHash-Swift @ 1.1.1
  FLEX: https://github.com/FLEXTool/FLEX.git @ 5.22.10
  JOSESwift: /Users/takemiyamakoto/dev/sora-wallet/sora-ios/VendorPackages/JOSESwift @ local
  SoraFoundation: /Users/takemiyamakoto/dev/sora-wallet/sora-ios/VendorPackages/SoraFoundation @ local
  FireMock: /Users/takemiyamakoto/dev/sora-wallet/sora-ios/VendorPackages/FireMock @ local
  Reachability: https://github.com/ashleymills/Reachability.swift.git @ 5.2.3
  Modules: /Users/takemiyamakoto/dev/sora-wallet/sora-ios/VendorPackages/shared-features-spm @ local
  swift-algorithms: https://github.com/apple/swift-algorithms.git @ 1.2.1
  swift-certificates: https://github.com/apple/swift-certificates.git @ 1.19.1
  swift-system: https://github.com/apple/swift-system.git @ 1.6.4
  swift-crypto: https://github.com/apple/swift-crypto.git @ 4.5.0
  GTMSessionFetcher: https://github.com/google/gtm-session-fetcher.git @ 3.5.0
  SoraDocuments: /Users/takemiyamakoto/dev/sora-wallet/sora-ios/VendorPackages/SoraDocuments @ local
  swift-numerics: https://github.com/apple/swift-numerics.git @ 1.1.1
  swift-nio-extras: https://github.com/apple/swift-nio-extras.git @ 1.34.1
  GoogleAppMeasurement: https://github.com/google/GoogleAppMeasurement.git @ 12.13.0
  swift-asn1: https://github.com/apple/swift-asn1.git @ 1.7.0
  GoogleUtilities: https://github.com/google/GoogleUtilities.git @ 8.1.0
  Web3: https://github.com/soramitsu/web3-swift @ 7.7.7
  SwiftyBeaver: https://github.com/SwiftyBeaver/SwiftyBeaver.git @ 2.1.1
  Lottie: https://github.com/airbnb/lottie-ios.git @ 4.4.3
  AppCheck: https://github.com/google/app-check.git @ 11.2.0
  Cuckoo: https://github.com/Brightify/Cuckoo.git @ 1.9.1
  SoraUIKit: /Users/takemiyamakoto/dev/sora-wallet/sora-ios/VendorPackages/SoraUIKit @ local
  PromiseKit: https://github.com/mxcl/PromiseKit.git @ 6.22.1
  SoraUI: /Users/takemiyamakoto/dev/sora-wallet/sora-ios/VendorPackages/SoraUI @ local
  GTMAppAuth: https://github.com/google/GTMAppAuth.git @ 4.1.1
  SSFStorageQueryKit: /Users/takemiyamakoto/dev/sora-wallet/sora-ios/VendorPackages/SSFStorageQueryKit @ local
  SoraWalletBinary: /Users/takemiyamakoto/dev/sora-wallet/sora-ios/VendorPackages/SoraWalletBinary @ local
  abseil: https://github.com/google/abseil-cpp-binary.git @ 1.2024072200.0
  swift-http-structured-headers: https://github.com/apple/swift-http-structured-headers.git @ 1.7.0
  SnapKit: https://github.com/SnapKit/SnapKit.git @ 5.7.1
  SVGKit: https://github.com/SVGKit/SVGKit.git @ 3.0.0
  Starscream: https://github.com/soramitsu/fearless-starscream.git @ 4.0.12
  gRPC: https://github.com/google/grpc-binary.git @ 1.69.1
  GoogleDataTransport: https://github.com/google/GoogleDataTransport.git @ 10.1.0
  swift-nio-http2: https://github.com/apple/swift-nio-http2.git @ 1.44.0
  InteropForGoogle: https://github.com/google/interop-ios-for-google-sdks.git @ 101.0.0
  swift-nio-transport-services: https://github.com/apple/swift-nio-transport-services.git @ 1.28.0
  Nantes: https://github.com/instacart/Nantes.git @ 0.1.2
  GoogleAdsOnDeviceConversion: https://github.com/googleads/google-ads-on-device-conversion-ios-sdk @ 3.5.0
  leveldb: https://github.com/firebase/leveldb.git @ 1.22.5
  swift-async-algorithms: https://github.com/apple/swift-async-algorithms.git @ 1.1.4
  swift-collections: https://github.com/apple/swift-collections.git @ 1.5.1
  Kingfisher: https://github.com/onevcat/Kingfisher.git @ 6.3.1
  R.swift.Library: https://github.com/mac-cain13/R.swift.Library.git @ 5.3.0
  GoogleSignIn: /Users/takemiyamakoto/dev/sora-wallet/sora-ios/VendorPackages/GoogleSignIn-iOS @ local
  CryptoSwift: https://github.com/krzyzanowskim/CryptoSwift.git @ 1.10.0
  AppAuth: https://github.com/openid/AppAuth-iOS.git @ 1.7.6
  GoogleAPIClientForREST: /Users/takemiyamakoto/dev/sora-wallet/sora-ios/VendorPackages/google-api-objectivec-client-for-rest @ local
  TweetNacl: https://github.com/bitmark-inc/tweetnacl-swiftwrap @ 1.1.0
  swift-service-lifecycle: https://github.com/swift-server/swift-service-lifecycle.git @ 2.11.0

Writing result bundle at path:
	/tmp/sora-wallet-ux-onboarding-scaled-ui-final.xcresult

2026-09-05 22:24:31.509584+1000 SoraPassportUITests-Runner[27732:16552932] [Default] Running tests...
Test Suite 'Selected tests' started at 0008-09-05 22:24:31.877.
Test Suite 'SoraPassportUITests.xctest' started at 0008-09-05 22:24:31.877.
Test Suite 'WalletUXVisualAcceptanceTests' started at 0008-09-05 22:24:31.878.
Test Case '-[SoraPassportUITests.WalletUXVisualAcceptanceTests testOnboardingScrollingKeyboardAndRecoveryChoices]' started.
    t =     0.00s Start Test at 0008-09-05 22:24:31.878
    t =     0.02s Set Up
    t =     0.02s Open co.jp.soramitsu.sora.dev.flex
    t =     0.02s     Activate co.jp.soramitsu.sora.dev.flex
    t =     0.03s         Wait for co.jp.soramitsu.sora.dev.flex to idle
    t =     0.05s Waiting 20.0s for "Create account" Button to exist
    t =     1.07s     Checking `Expect predicate `existsNoRetry == 1` for object "Create account" Button`
    t =     1.07s         Checking existence of `"Create account" Button`
    t =     1.10s Find the "Create account" Button
    t =     1.11s Swipe up Application 'co.jp.soramitsu.sora.dev.flex'
    t =     1.11s     Wait for co.jp.soramitsu.sora.dev.flex to idle
    t =     1.12s     Find the Application 'co.jp.soramitsu.sora.dev.flex'
    t =     1.12s     Check for interrupting elements affecting "SORA Dev" Application
    t =     1.13s     Synthesize event
    t =     1.55s     Wait for co.jp.soramitsu.sora.dev.flex to idle
    t =     3.65s Find the "Create account" Button
    t =     3.66s Find the "Create account" Button
    t =     3.68s Find the "Create account" Button
    t =     3.69s Find the "Create account" Button
    t =     3.71s Find the "Create account" Button
    t =     3.72s Find the "Create account" Button
    t =     3.73s Find the "Create account" Button
    t =     3.75s Find the "Create account" Button
    t =     3.76s Find the Application 'co.jp.soramitsu.sora.dev.flex'
    t =     3.79s Added attachment named 'Maximum text onboarding actions'
    t =     3.79s Tap "Create account" Button
    t =     3.79s     Wait for co.jp.soramitsu.sora.dev.flex to idle
    t =     3.79s     Find the "Create account" Button
    t =     3.80s     Check for interrupting elements affecting "Create account" Button
    t =     3.81s     Synthesize event
    t =     4.10s     Wait for co.jp.soramitsu.sora.dev.flex to idle
    t =     4.58s Waiting 5.0s for "Account name" TextField to exist
    t =     5.62s     Checking `Expect predicate `existsNoRetry == 1` for object "Account name" TextField`
    t =     5.62s         Checking existence of `"Account name" TextField`
    t =     5.64s Tap "Account name" TextField
    t =     5.64s     Wait for co.jp.soramitsu.sora.dev.flex to idle
    t =     5.65s     Find the "Account name" TextField
    t =     5.66s     Check for interrupting elements affecting "Account name" TextField
    t =     5.68s     Synthesize event
    t =     5.97s     Wait for co.jp.soramitsu.sora.dev.flex to idle
    t =     6.00s Type 'UX Layout' into "Account name" TextField
    t =     6.00s     Wait for co.jp.soramitsu.sora.dev.flex to idle
    t =     6.38s     Find the "Account name" TextField
    t =     6.40s     Check for interrupting elements affecting "Account name" TextField
    t =     6.42s     Synthesize event
    t =     6.77s     Wait for co.jp.soramitsu.sora.dev.flex to idle
    t =     6.92s Checking existence of `Keyboard (First Match)`
    t =     6.92s Find the "Continue" Button
    t =     6.95s Swipe up Application 'co.jp.soramitsu.sora.dev.flex'
    t =     6.95s     Wait for co.jp.soramitsu.sora.dev.flex to idle
    t =     6.95s     Find the Application 'co.jp.soramitsu.sora.dev.flex'
    t =     6.96s     Check for interrupting elements affecting "SORA Dev" Application
    t =     6.98s     Synthesize event
    t =     7.40s     Wait for co.jp.soramitsu.sora.dev.flex to idle
    t =     8.01s Find the "Continue" Button
    t =     8.04s Find the "Continue" Button
    t =     8.06s Find the "Continue" Button
    t =     8.08s Find the "Continue" Button
    t =     8.11s Find the "Continue" Button
    t =     8.13s Find the Application 'co.jp.soramitsu.sora.dev.flex'
    t =     8.17s Added attachment named 'Maximum text name entry and keyboard'
    t =     8.17s Tap "Continue" Button
    t =     8.17s     Wait for co.jp.soramitsu.sora.dev.flex to idle
    t =     8.18s     Find the "Continue" Button
    t =     8.20s     Check for interrupting elements affecting "Continue" Button
    t =     8.22s     Synthesize event
    t =     8.50s     Wait for co.jp.soramitsu.sora.dev.flex to idle
    t =     8.85s Waiting 5.0s for "If I lose my passphrase, my funds will be lost forever." Button to exist
    t =     9.88s     Checking `Expect predicate `existsNoRetry == 1` for object "If I lose my passphrase, my funds will be lost forever." Button`
    t =     9.88s         Checking existence of `"If I lose my passphrase, my funds will be lost forever." Button`
    t =     9.90s Find the "If I lose my passphrase, my funds will be lost forever." Button
    t =     9.92s Find the "If I lose my passphrase, my funds will be lost forever." Button
    t =     9.94s Find the "If I lose my passphrase, my funds will be lost forever." Button
    t =     9.95s Find the "If I lose my passphrase, my funds will be lost forever." Button
    t =     9.97s Find the "If I lose my passphrase, my funds will be lost forever." Button
    t =     9.98s Find the "If I lose my passphrase, my funds will be lost forever." Button
    t =    10.00s Tap "If I lose my passphrase, my funds will be lost forever." Button
    t =    10.00s     Wait for co.jp.soramitsu.sora.dev.flex to idle
    t =    10.00s     Find the "If I lose my passphrase, my funds will be lost forever." Button
    t =    10.01s     Check for interrupting elements affecting "If I lose my passphrase, my funds will be lost forever." Button
    t =    10.02s     Synthesize event
    t =    10.31s     Wait for co.jp.soramitsu.sora.dev.flex to idle
    t =    10.32s Find the "If I lose my passphrase, my funds will be lost forever." Button
    t =    10.33s Waiting 5.0s for "If I expose or share my passphrase to anybody, my funds can get stolen." Button to exist
    t =    11.37s     Checking `Expect predicate `existsNoRetry == 1` for object "If I expose or share my passphrase to anybody, my funds can get stolen." Button`
    t =    11.37s         Checking existence of `"If I expose or share my passphrase to anybody, my funds can get stolen." Button`
    t =    11.38s Find the "If I expose or share my passphrase to anybody, my funds can get stolen." Button
    t =    11.40s Swipe up Application 'co.jp.soramitsu.sora.dev.flex'
    t =    11.40s     Wait for co.jp.soramitsu.sora.dev.flex to idle
    t =    11.40s     Find the Application 'co.jp.soramitsu.sora.dev.flex'
    t =    11.41s     Check for interrupting elements affecting "SORA Dev" Application
    t =    11.42s     Synthesize event
    t =    11.84s     Wait for co.jp.soramitsu.sora.dev.flex to idle
    t =    13.94s Find the "If I expose or share my passphrase to anybody, my funds can get stolen." Button
    t =    13.96s Find the "If I expose or share my passphrase to anybody, my funds can get stolen." Button
    t =    13.98s Find the "If I expose or share my passphrase to anybody, my funds can get stolen." Button
    t =    13.99s Find the "If I expose or share my passphrase to anybody, my funds can get stolen." Button
    t =    14.01s Find the "If I expose or share my passphrase to anybody, my funds can get stolen." Button
    t =    14.03s Tap "If I expose or share my passphrase to anybody, my funds can get stolen." Button
    t =    14.03s     Wait for co.jp.soramitsu.sora.dev.flex to idle
    t =    14.03s     Find the "If I expose or share my passphrase to anybody, my funds can get stolen." Button
    t =    14.04s     Check for interrupting elements affecting "If I expose or share my passphrase to anybody, my funds can get stolen." Button
    t =    14.05s     Synthesize event
    t =    14.34s     Wait for co.jp.soramitsu.sora.dev.flex to idle
    t =    14.35s Find the "If I expose or share my passphrase to anybody, my funds can get stolen." Button
    t =    14.36s Waiting 5.0s for "It is my full responsibility to keep my passphrase secure." Button to exist
    t =    15.39s     Checking `Expect predicate `existsNoRetry == 1` for object "It is my full responsibility to keep my passphrase secure." Button`
    t =    15.39s         Checking existence of `"It is my full responsibility to keep my passphrase secure." Button`
    t =    15.41s Find the "It is my full responsibility to keep my passphrase secure." Button
    t =    15.43s Find the "It is my full responsibility to keep my passphrase secure." Button
    t =    15.44s Find the "It is my full responsibility to keep my passphrase secure." Button
    t =    15.46s Find the "It is my full responsibility to keep my passphrase secure." Button
    t =    15.48s Find the "It is my full responsibility to keep my passphrase secure." Button
    t =    15.49s Find the "It is my full responsibility to keep my passphrase secure." Button
    t =    15.51s Tap "It is my full responsibility to keep my passphrase secure." Button
    t =    15.51s     Wait for co.jp.soramitsu.sora.dev.flex to idle
    t =    15.51s     Find the "It is my full responsibility to keep my passphrase secure." Button
    t =    15.52s     Check for interrupting elements affecting "It is my full responsibility to keep my passphrase secure." Button
    t =    15.53s     Synthesize event
    t =    15.82s     Wait for co.jp.soramitsu.sora.dev.flex to idle
    t =    15.82s Find the "It is my full responsibility to keep my passphrase secure." Button
    t =    15.84s Find the "Continue" Button
    t =    15.85s Swipe up Application 'co.jp.soramitsu.sora.dev.flex'
    t =    15.85s     Wait for co.jp.soramitsu.sora.dev.flex to idle
    t =    15.86s     Find the Application 'co.jp.soramitsu.sora.dev.flex'
    t =    15.86s     Check for interrupting elements affecting "SORA Dev" Application
    t =    15.88s     Synthesize event
    t =    16.30s     Wait for co.jp.soramitsu.sora.dev.flex to idle
    t =    16.76s Find the "Continue" Button
    t =    16.78s Find the "Continue" Button
    t =    16.79s Find the "Continue" Button
    t =    16.81s Find the "Continue" Button
    t =    16.82s Find the "Continue" Button
    t =    16.83s Find the Application 'co.jp.soramitsu.sora.dev.flex'
    t =    16.86s Added attachment named 'Maximum text recovery selections'
    t =    16.87s Tear Down
Test Case '-[SoraPassportUITests.WalletUXVisualAcceptanceTests testOnboardingScrollingKeyboardAndRecoveryChoices]' passed (16.873 seconds).
Test Suite 'WalletUXVisualAcceptanceTests' passed at 0008-09-05 22:24:48.752.
	 Executed 1 test, with 0 failures (0 unexpected) in 16.873 (16.874) seconds
Test Suite 'SoraPassportUITests.xctest' passed at 0008-09-05 22:24:48.752.
	 Executed 1 test, with 0 failures (0 unexpected) in 16.873 (16.875) seconds
Test Suite 'Selected tests' passed at 0008-09-05 22:24:48.752.
	 Executed 1 test, with 0 failures (0 unexpected) in 16.873 (16.876) seconds
2026-09-05 22:24:49.040 xcodebuild[27151:16550119] [MT] IDETestOperationsObserverDebug: 18.522 elapsed -- Testing started completed.
2026-09-05 22:24:49.040 xcodebuild[27151:16550119] [MT] IDETestOperationsObserverDebug: 0.000 sec, +0.000 sec -- start
2026-09-05 22:24:49.040 xcodebuild[27151:16550119] [MT] IDETestOperationsObserverDebug: 18.522 sec, +18.522 sec -- end

Test session results, code coverage, and logs:
	/tmp/sora-wallet-ux-onboarding-scaled-ui-final.xcresult

** TEST EXECUTE SUCCEEDED **

Testing started
