(lldb) process attach --pid 64720
Process 64720 stopped
* thread #1, queue = 'com.apple.main-thread', stop reason = signal SIGSTOP
    frame #0: 0x0000000104abcb70 libsystem_kernel.dylib`mach_msg2_trap + 8
libsystem_kernel.dylib`mach_msg2_trap:
->  0x104abcb70 <+8>: ret    

libsystem_kernel.dylib`macx_swapon:
    0x104abcb74 <+0>: mov    x16, #-0x30               ; =-48 
    0x104abcb78 <+4>: svc    #0x80
    0x104abcb7c <+8>: ret    
Target 0: (SoraPassportDev) stopped.
Executable binary set to "/Users/takemiyamakoto/Library/Developer/CoreSimulator/Devices/4E30B1DD-22B2-40CC-8595-1980E5EE17DF/data/Containers/Bundle/Application/E11013D7-BF60-44DF-B00C-231D8A95400D/SoraPassportDev.app/SoraPassportDev".
Architecture set to: arm64-apple-ios-simulator.
(lldb) expression -l objc++ -O -- id $bar = [(UITabBarController *)[[[UIApplication sharedApplication] keyWindow] rootViewController] tabBar]; (id)[[[$bar accessibilityElements] valueForKey:@"accessibilityLabel"] description]
(
    Wallet,
    Explore,
    Polkaswap,
    Activity,
    More
)

(lldb) expression -l objc++ -O -- (id)[[[$bar accessibilityElements] valueForKey:@"accessibilityTraits"] description]
(
    268435465,
    268435457,
    1,
    268435457,
    268435457
)

(lldb) expression -l objc++ -O -- (id)[[[$bar accessibilityElements] valueForKey:@"isAccessibilityElement"] description]
(
    1,
    1,
    1,
    1,
    1
)

(lldb) process detach
Process 64720 detached
